// Jest Snapshot v1, https://goo.gl/fbAQLP

exports[`References matches snapshot (regression test): Full component snapshot. 1`] = `
<div
  class="my-8 rounded-2xl border border-zinc-100 p-6 dark:border-zinc-700/40"
  data-testid="PortfolioSection"
>
  <h2
    class="flex text-sm font-semibold text-zinc-900 dark:text-zinc-100"
  >
    <svg
      class="h-6 w-6 flex-none"
      fill="none"
      stroke-width="1.5"
      viewBox="0 0 24 24"
      xmlns="http://www.w3.org/2000/svg"
    >
      <path
        class="fill-zinc-100 stroke-zinc-400 dark:fill-zinc-100/10 dark:stroke-zinc-500"
        d="M7.5 8.25h9m-9 3H12m-9.75 1.51c0 1.6 1.123 2.994 2.707 3.227 1.129.166 2.27.293 3.423.379.35.026.67.21.865.501L12 21l2.755-4.133a1.14 1.14 0 01.865-.501 48.172 48.172 0 003.423-.379c1.584-.233 2.707-1.626 2.707-3.228V6.741c0-1.602-1.123-2.995-2.707-3.228A48.394 48.394 0 0012 3c-2.392 0-4.744.175-7.043.513C3.373 3.746 2.25 5.14 2.25 6.741v6.018z"
        stroke-linecap="round"
        stroke-linejoin="round"
      />
    </svg>
    <span
      class="ml-3"
    >
      References
    </span>
  </h2>
  <ul
    class="divide-y divide-gray-100"
    role="list"
  >
    <li
      class="flex-column text-sm text-zinc-900 dark:text-zinc-100"
    >
      <div
        class="flex min-w-0 justify-between gap-x-4 gap-x-6 py-5"
      >
        <a
          href="https://www.linkedin.com/in/deanweinert/"
        >
          <img
            alt=""
            class="h-12 w-12 flex-none rounded-full bg-gray-50"
            src="https://media.licdn.com/dms/image/C5603AQFVgZM5cPo8zQ/profile-displayphoto-shrink_100_100/0/1581035120375?e=1705536000&v=beta&t=NzNXAKI6m9egMfLRF3ZOsuMXLc3kh67AGHOiowCF6cM"
          />
        </a>
        <div
          class="min-w-0 flex-auto"
        >
          <p
            class="text-sm leading-6"
          >
            <a
              class="font-semibold underline"
              href="https://www.linkedin.com/in/deanweinert/"
            >
              Dean Weinert
            </a>
            , 
            VP of Product Management
             at
             
            <a
              class="font-semibold underline"
              href="https://www.linkedin.com/company/threatmetrix/"
            >
              ThreatMetrix
            </a>
          </p>
          <p
            class="mt-1 truncate  leading-5"
          >
            Written 
            10/3/2017
          </p>
        </div>
      </div>
      <div>
        <p
          class="mb-2"
        >
          Matt fulfilled an internship at ThreatMetrix under my supervision during the summer of 2017. During that time, I developed a high regard for Matt based on the outstanding contributions he made on several high-profile projects.
        </p>
        <p
          class="mb-2"
        >
          He demonstrated that he is technically capable with a wide array of langu...
        </p>
      </div>
      <button
        class="inline-flex items-center gap-2 justify-center rounded-md py-2 px-3 text-sm outline-offset-2 transition active:transition-none bg-zinc-50 font-medium text-zinc-900 hover:bg-zinc-100 active:bg-zinc-100 active:text-zinc-900/60 dark:bg-zinc-800/50 dark:text-zinc-300 dark:hover:bg-zinc-800 dark:hover:text-zinc-50 dark:active:bg-zinc-800/50 dark:active:text-zinc-50/70"
      >
        Read More
      </button>
    </li>
  </ul>
</div>
`;
