// Jest Snapshot v1, https://goo.gl/fbAQLP

exports[`InlineBadge matches snapshot (regression test): Full component snapshot. 1`] = `
<span
  class="inline-flex items-center rounded-md bg-yellow-50 px-2 py-1 text-xs font-medium text-yellow-600 ring-1 ring-inset ring-yellow-500/10 hover:bg-yellow-100 dark:bg-yellow-400/10 dark:text-yellow-400 dark:ring-yellow-400/30 dark:hover:bg-yellow-400/20"
  data-testid="InlineBadge"
>
  Text.
</span>
`;
