// Jest Snapshot v1, https://goo.gl/fbAQLP

exports[`InlineBadge matches snapshot (regression test): Full component snapshot. 1`] = `
<span
  class="inline-flex items-center rounded-md bg-orange-50 px-2 py-1 text-xs font-medium text-orange-600 ring-1 ring-inset ring-orange-500/10 hover:bg-orange-100 dark:bg-orange-400/10 dark:text-orange-400 dark:ring-orange-400/30 dark:hover:bg-orange-400/20"
  data-testid="InlineBadge"
>
  Text.
</span>
`;
