// Jest Snapshot v1, https://goo.gl/fbAQLP

exports[`InlineBadge matches snapshot (regression test): Full component snapshot. 1`] = `
<span
  class="inline-flex items-center rounded-md bg-amber-50 px-2 py-1 text-xs font-medium text-amber-600 ring-1 ring-inset ring-amber-500/10 hover:bg-amber-100 dark:bg-amber-400/10 dark:text-amber-400 dark:ring-amber-400/30 dark:hover:bg-amber-400/20"
  data-testid="InlineBadge"
>
  Text.
</span>
`;
