// Jest Snapshot v1, https://goo.gl/fbAQLP

exports[`Section matches snapshot (regression test): Full component snapshot. 1`] = `
<section
  aria-labelledby=":r0:"
  class="md:border-l md:border-zinc-100 md:pl-6 md:dark:border-zinc-700/40"
  data-testid="Section"
>
  <div
    class="grid max-w-3xl grid-cols-1 items-baseline gap-y-8 md:grid-cols-4"
  >
    <h2
      class="text-sm font-semibold text-zinc-800 dark:text-zinc-100"
      id=":r0:"
    >
      Test title.
    </h2>
    <div
      class="md:col-span-3"
    >
      Text.
    </div>
  </div>
</section>
`;
