// Jest Snapshot v1, https://goo.gl/fbAQLP

exports[`ContactForm matches snapshot (regression test): Full component snapshot. 1`] = `
<form
  data-testid="ContactForm"
>
  <div
    class="space-y-12"
  >
    <div
      class="border-b border-gray-900/10 pb-12"
    >
      <div
        class="mt-10 grid grid-cols-1 gap-x-6 gap-y-8 sm:grid-cols-6"
      >
        <div
          class="sm:col-span-3"
        >
          <label
            class="block text-sm font-medium leading-6 text-zinc-800 dark:text-zinc-200"
            for="firstName"
          >
            First name
            <span
              class="text-red-500"
            >
               *
            </span>
          </label>
          <div
            class="relative mt-2 rounded-md shadow-sm"
          >
            <input
              aria-invalid="false"
              autocomplete="givenName"
              class="block w-full rounded-md border-0 bg-transparent py-1.5 text-zinc-800 shadow-sm ring-1 ring-inset ring-gray-300 placeholder:text-gray-400 focus:ring-2 focus:ring-inset focus:ring-orange-500  dark:text-zinc-200 dark:focus:ring-orange-400 sm:text-sm sm:leading-6"
              id="firstName"
              name="firstName"
              placeholder="Jane"
              type="text"
            />
          </div>
        </div>
        <div
          class="sm:col-span-3"
        >
          <label
            class="block text-sm font-medium leading-6 text-zinc-800 dark:text-zinc-200"
            for="lastName"
          >
            Last name
            <span
              class="text-red-500"
            >
               *
            </span>
          </label>
          <div
            class="relative mt-2 rounded-md shadow-sm"
          >
            <input
              aria-invalid="false"
              autocomplete="familyName"
              class="block w-full rounded-md border-0 bg-transparent py-1.5 text-zinc-800 shadow-sm ring-1 ring-inset ring-gray-300 placeholder:text-gray-400 focus:ring-2 focus:ring-inset focus:ring-orange-500  dark:text-zinc-200 dark:focus:ring-orange-400 sm:text-sm sm:leading-6"
              id="lastName"
              name="lastName"
              placeholder="Doe"
              type="text"
            />
          </div>
        </div>
        <div
          class="col-span-full"
        >
          <label
            class="block text-sm font-medium leading-6 text-zinc-800 dark:text-zinc-200"
            for="email"
          >
            Email address
            <span
              class="text-red-500"
            >
               *
            </span>
          </label>
          <div
            class="relative mt-2 rounded-md shadow-sm"
          >
            <input
              aria-invalid="false"
              autocomplete="email"
              class="block w-full rounded-md border-0 bg-transparent py-1.5 text-zinc-800 shadow-sm ring-1 ring-inset ring-gray-300 placeholder:text-gray-400 focus:ring-2 focus:ring-inset focus:ring-orange-500  dark:text-zinc-200 dark:focus:ring-orange-400 sm:text-sm sm:leading-6"
              id="email"
              name="email"
              placeholder="jdoe@email.com"
              type="email"
            />
          </div>
        </div>
        <div
          class="col-span-full"
        >
          <label
            class="block text-sm font-medium leading-6 text-zinc-800 dark:text-zinc-200"
            for="message"
          >
            Message
            <span
              class="text-red-500"
            >
               *
            </span>
          </label>
          <div
            class="relative mt-2 rounded-md shadow-sm"
          >
            <textarea
              aria-invalid="false"
              class="block w-full rounded-md border-0 bg-transparent px-2 py-1.5 text-zinc-800 shadow-sm ring-1 ring-inset ring-gray-300 placeholder:text-gray-400 focus:ring-2 focus:ring-inset focus:ring-orange-500 dark:text-zinc-200 dark:focus:ring-orange-400 sm:text-sm sm:leading-6"
              id="message"
              name="message"
              placeholder="I would like to chat about..."
              rows="3"
            />
          </div>
        </div>
      </div>
      <div
        class="mt-6 flex items-center justify-start gap-x-6"
      >
        <button
          class="disabled:opacity-30 inline-flex items-center gap-2 justify-center rounded-md py-2 px-3 text-sm outline-offset-2 transition active:transition-none bg-orange-500 font-semibold text-zinc-100 hover:bg-orange-600 active:bg-orange-500 active:text-zinc-100/70 dark:bg-orange-400 dark:hover:bg-orange-500 dark:active:bg-orange-700 dark:active:text-zinc-100/70 w-full"
          type="submit"
        >
          Submit
        </button>
      </div>
    </div>
  </div>
</form>
`;
