// Jest Snapshot v1, https://goo.gl/fbAQLP

exports[`Blog matches snapshot (regression test): Full component snapshot. 1`] = `
<article
  class="group relative flex items-start flex flex-col sm:flex-row flex-row"
  data-testid="Card"
>
  <img
    alt=""
    class="mb-6 aspect-video w-full shrink-0 grow-0 rounded-lg object-cover sm:mb-0 sm:mr-6 sm:w-72"
    data-nimg="1"
    decoding="async"
    height="40"
    loading="lazy"
    src="/_next/image?url=%2Fimg.jpg&w=96&q=75"
    srcset="/_next/image?url=%2Fimg.jpg&w=48&q=75 1x, /_next/image?url=%2Fimg.jpg&w=96&q=75 2x"
    style="color: transparent;"
    width="40"
  />
  <div
    class="flex flex-col"
  >
    <h2
      class="text-base font-semibold tracking-tight text-zinc-800 dark:text-zinc-100"
    >
      <div
        class="absolute -inset-x-4 -inset-y-6 z-0 scale-95 bg-zinc-50 opacity-0 transition group-hover:scale-100 group-hover:opacity-100 dark:bg-zinc-800/50 sm:-inset-x-6 sm:rounded-2xl"
      />
      <a
        href="/blog/test-blog"
      >
        <span
          class="absolute -inset-x-4 -inset-y-6 z-20 sm:-inset-x-6 sm:rounded-2xl"
        />
        <span
          class="relative z-10"
        >
          Test Blog
        </span>
      </a>
    </h2>
    <time
      class="relative z-10 order-first mb-3 flex items-center text-sm text-zinc-400 dark:text-zinc-500 pl-3.5"
      datetime="2023-11-09"
    >
      <span
        aria-hidden="true"
        class="absolute inset-y-0 left-0 flex items-center"
      >
        <span
          class="h-4 w-0.5 rounded-full bg-zinc-200 dark:bg-zinc-500"
        />
      </span>
      November 9, 2023
    </time>
    <p
      class="relative z-10 mt-2 text-sm text-zinc-600 dark:text-zinc-400"
    >
      Test blog description.
    </p>
    <div
      aria-hidden="true"
      class="relative z-10 mt-4 flex items-center text-sm font-medium text-orange-500"
    >
      Read blog post
      <svg
        aria-hidden="true"
        class="ml-1 h-4 w-4 stroke-current"
        fill="none"
        viewBox="0 0 16 16"
      >
        <path
          d="M6.75 5.75 9.25 8l-2.5 2.25"
          stroke-linecap="round"
          stroke-linejoin="round"
          stroke-width="1.5"
        />
      </svg>
    </div>
  </div>
</article>
`;
